
> backend@0.0.1 test
> jest auth.service.spec.ts

node.exe : FAIL src/au
th/auth.service.spec.t
s
No linha:1 caractere:1
+ & "C:\Program Files\
nodejs/node.exe" 
"C:\Program 
Files\nodejs/node_mo 
...
+ ~~~~~~~~~~~~~~~~~~~~
~~~~~~~~~~~~~~~~~~~~~~
~~~~~~~~~~~~~~~~~~~~~~
~~~~~
    + CategoryInfo    
          : NotSpeci  
  fied: (FAIL src/a   
 uth/auth.service.    
spec.ts:String) [    
], RemoteExceptio    n
    + FullyQualifiedE 
   rrorId : NativeCo  
  mmandError
 
  ÔùÅ Test suite 
failed to run

    Cannot find 
module '../mail/mail.s
ervice' from 'auth/aut
h.service.spec.ts'

    [0m [90m 3 
|[39m 
[36mimport[39m { [3
3mUsersService[39m } 
[36mfrom[39m [32m'.
./users/users.service'
[39m[33m;[39m
     [90m 4 |[39m 
[36mimport[39m { 
[33mJwtService[39m 
} [36mfrom[39m [32m
'@nestjs/jwt'[39m[33
m;[39m
    [31m[1m>[22m[3
9m[90m 5 |[39m 
[36mimport[39m { 
[33mMailService[39m 
} [36mfrom[39m [32m
'../mail/mail.service'
[39m[33m;[39m
     [90m   |[39m 
[31m[1m^[22m[39m
     [90m 6 |[39m 
[36mimport[39m { [3
3mUnauthorizedExceptio
n[39m } 
[36mfrom[39m [32m'@
nestjs/common'[39m[3
3m;[39m
     [90m 7 |[39m 
[36mimport[39m 
[33m*[39m 
[36mas[39m bcrypt 
[36mfrom[39m [32m'b
cryptjs'[39m[33m;[3
9m
     [90m 8 
|[39m[0m

      at Resolver._thr
owModNotFoundError (..
/node_modules/jest-res
olve/build/index.js:86
3:11)
      at 
Object.<anonymous> (au
th/auth.service.spec.t
s:5:1)

Test Suites: 1 
failed, 1 total
Tests:       0 total
Snapshots:   0 total
Time:        2.451 s
Ran all test suites 
matching 
auth.service.spec.ts.
